[13-Feb-2016 21:03:59] PHP Parse error:  parse error, expecting `'}'' in d:\phpdev\www\logiquecel_products\govt_app\signup_body.php on line 170
[13-Feb-2016 21:15:53] PHP Parse error:  parse error, expecting `'}'' in d:\phpdev\www\logiquecel_products\govt_app\signup_body.php on line 170
[14-Feb-2016 19:43:26] PHP Warning:  Failed opening 'proposal_chd_body.php' for inclusion (include_path='.;D:/phpdev/php/includes;D:/phpdev/php/class') in d:\phpdev\www\logiquecel_products\govt_app\proposal_chd.php on line 19
